complexity.cyclomatic	complexity	medium	parser	Cyclomatic complexity
complexity.nesting-depth	complexity	medium	parser	Nesting depth
dead-code.empty-block	dead-code	low	parser	Empty control-flow block
design.god-function	design	low	parser	God function
design.hotspot-file	design	low	parser	Hotspot file
docs.comment-rubric	documentation	low	parser	Comment rubric
docs.exported-symbol-comment	documentation	low	parser	Exported symbol comment
docs.package-comment	documentation	low	parser	Package comment
naming.acronym-case	naming	low	parser	Acronym case
naming.contextual-generic	naming	low	parser	Contextual generic name
naming.get-prefix	naming	low	parser	Get prefix
naming.identifier-quality	naming	low	parser	Identifier quality
naming.misspelling	naming	low	parser	Misspelled identifier or comment
naming.negated-boolean	naming	low	parser	Negated boolean
naming.package-stutter	naming	low	parser	Package stutter
naming.package-underscore	naming	low	parser	Package name contains underscore
naming.receiver-consistency	naming	low	parser	Receiver consistency
security.shell-command	security	medium	parser	Shell command execution
sensitive-data.aws-access-key	sensitive-data	high	parser	AWS access key id
sensitive-data.connection-string	sensitive-data	high	parser	Connection string with embedded password
sensitive-data.jwt-token	sensitive-data	high	parser	JWT token literal
sensitive-data.private-key	sensitive-data	critical	parser	Embedded private key
sensitive-data.secret-pattern	sensitive-data	high	parser	Secret-like literal
size.file-length	size	medium	parser	File length
size.function-length	size	medium	parser	Function length
size.parameter-count	size	low	parser	Parameter count
test-quality.empty-test	test-quality	low	parser	Empty test
test-quality.no-failure-path	test-quality	low	parser	Test cannot fail
test-quality.skipped-test	test-quality	low	parser	Skipped test
