complexity.cognitive	complexity	warning	parser	Cognitive complexity
complexity.cyclomatic	complexity	warning	parser	Cyclomatic complexity
complexity.nesting-depth	complexity	warning	parser	Nesting depth
dead-code.empty-block	dead-code	advisory	parser	Empty control-flow block
dead-code.unreachable-code	dead-code	advisory	parser	Unreachable code
dead-code.unused-private-function	dead-code	advisory	parser	Unused private function
design.god-function	design	advisory	parser	God function
design.hotspot-file	maintainability	advisory	parser	Hotspot file
docs.comment-rubric	documentation	advisory	parser	Comment rubric
docs.config-field-comment	documentation	advisory	parser	Config field comment
docs.exported-symbol-comment	documentation	advisory	parser	Exported symbol comment
docs.package-comment	documentation	advisory	parser	Package comment
docs.suppression-without-rationale	documentation	advisory	parser	Suppression without rationale
maintainability.context-todo-production	maintainability	advisory	parser	Context TODO in production
maintainability.defer-in-loop	maintainability	advisory	parser	Defer in loop
maintainability.ignored-error	maintainability	advisory	parser	Ignored error
maintainability.log-fatal-library	maintainability	advisory	parser	Library fatal exit
maintainability.loop-variable-address	maintainability	advisory	parser	Range variable address escapes
maintainability.production-panic	maintainability	advisory	parser	Production panic
modernisation.ioutil-deprecated	modernisation	advisory	parser	Deprecated ioutil API
naming.acronym-case	naming	advisory	parser	Acronym case
naming.contextual-generic	naming	advisory	parser	Contextual generic name
naming.get-prefix	modernisation	advisory	parser	Get prefix
naming.identifier-quality	naming	advisory	parser	Identifier quality
naming.misspelling	naming	advisory	parser	Misspelled identifier or comment
naming.negated-boolean	naming	advisory	parser	Negated boolean
naming.package-stutter	naming	advisory	parser	Package stutter
naming.package-underscore	naming	advisory	parser	Package name contains underscore
naming.receiver-consistency	naming	advisory	parser	Receiver consistency
security.archive-path-traversal	security	advisory	parser	Archive path traversal
security.http-client-no-timeout	security	advisory	parser	HTTP client without timeout
security.http-server-no-timeout	security	advisory	parser	HTTP server without timeout
security.insecure-random-secret	security	advisory	parser	Insecure random secret
security.permissive-file-mode	security	advisory	parser	Permissive file mode
security.request-body-without-limit	security	advisory	parser	Request body read without limit
security.shell-command	security	warning	parser	Shell command execution
security.sql-string-query	security	advisory	parser	SQL string query construction
security.tls-insecure-config	security	warning	parser	TLS insecure config
security.weak-crypto	security	advisory	parser	Weak crypto primitive
sensitive-data.anthropic-api-key	sensitive-data	error	parser	Anthropic API key literal
sensitive-data.aws-access-key	sensitive-data	error	parser	AWS access key id
sensitive-data.connection-string	sensitive-data	error	parser	Connection string with embedded password
sensitive-data.gcp-service-account	sensitive-data	error	parser	GCP service-account JSON key
sensitive-data.github-token	sensitive-data	error	parser	GitHub token literal
sensitive-data.gitlab-token	sensitive-data	error	parser	GitLab token literal
sensitive-data.google-api-key	sensitive-data	error	parser	Google API key literal
sensitive-data.jwt-token	sensitive-data	error	parser	JWT token literal
sensitive-data.npm-token	sensitive-data	error	parser	npm token literal
sensitive-data.private-key	sensitive-data	error	parser	Embedded private key
sensitive-data.secret-pattern	sensitive-data	error	parser	Secret-like literal
sensitive-data.slack-token	sensitive-data	error	parser	Slack token literal
sensitive-data.stripe-key	sensitive-data	error	parser	Stripe live key literal
size.file-length	size	warning	parser	File length
size.function-length	size	warning	parser	Function length
size.parameter-count	size	advisory	parser	Parameter count
test-quality.empty-test	test-quality	advisory	parser	Empty test
test-quality.fatal-in-goroutine	test-quality	advisory	parser	Fatal call in goroutine
test-quality.helper-missing-t-helper	test-quality	advisory	parser	Test helper missing t.Helper
test-quality.no-failure-path	test-quality	advisory	parser	Test cannot fail
test-quality.parallel-range-capture	test-quality	advisory	parser	Parallel subtest captures range variable
test-quality.skipped-test	test-quality	advisory	parser	Skipped test
test-quality.sleep-in-test	test-quality	advisory	parser	Sleep in test
test-quality.tempdir-misuse	test-quality	advisory	parser	Test temp dir misuse
