complexity.cyclomatic	complexity	medium	Cyclomatic complexity
complexity.nesting-depth	complexity	medium	Nesting depth
dead-code.empty-block	dead-code	low	Empty control-flow block
design.god-function	design	low	God function
design.hotspot-file	design	low	Hotspot file
docs.exported-symbol-comment	documentation	low	Exported symbol comment
docs.package-comment	documentation	low	Package comment
naming.identifier-quality	naming	low	Identifier quality
naming.package-underscore	naming	low	Package name contains underscore
security.shell-command	security	medium	Shell command execution
sensitive-data.aws-access-key	sensitive-data	high	AWS access key id
sensitive-data.connection-string	sensitive-data	high	Connection string with embedded password
sensitive-data.jwt-token	sensitive-data	high	JWT token literal
sensitive-data.private-key	sensitive-data	critical	Embedded private key
sensitive-data.secret-pattern	sensitive-data	high	Secret-like literal
size.file-length	size	medium	File length
size.function-length	size	medium	Function length
size.parameter-count	size	low	Parameter count
test-quality.empty-test	test-quality	low	Empty test
test-quality.no-failure-path	test-quality	low	Test cannot fail
test-quality.skipped-test	test-quality	low	Skipped test
